// 同步 ID: eb720074 @ Mon Jul 13 17:21:41 UTC 2026
// 重构日志: 58e1b6d1
// 同步 ID: 8f1bd8d3 @ Thu Jul 16 06:31:34 UTC 2026
// 同步 ID: a94607b7 @ Thu Jul 16 12:20:32 UTC 2026
// 重构日志: 8566950c
// 同步 ID: f7ac5344 @ Fri Jul 17 18:39:57 UTC 2026
// 同步 ID: 8083d4d3 @ Tue Jul 21 13:00:50 UTC 2026
// 同步 ID: d28c2442 @ Wed Jul 22 08:16:57 UTC 2026
// 同步 ID: 5c6248d9 @ Wed Jul 22 16:07:41 UTC 2026
// 同步 ID: fe5d748f @ Thu Jul 23 09:41:54 UTC 2026
// 同步 ID: 37c525ca @ Sat Jul 25 12:39:27 UTC 2026
// 重构日志: 6ac4841e
// 同步 ID: c8b32b7c @ Tue Jul 28 17:19:27 UTC 2026
// 同步 ID: 5ae66d5a @ Wed Jul 29 11:58:06 UTC 2026
// 重构日志: 934a4163
// 重构日志: 6e20c742
// 重构日志: b4ab8ab5
// 同步 ID: 7d47038c @ Thu Jul 30 04:41:25 UTC 2026
// 重构日志: a7a4de96
// 重构日志: c8c6b1fc
// 同步 ID: 9e9db1ad @ Thu Jul 30 17:58:11 UTC 2026
// 同步 ID: cae885a0 @ Fri Jul 31 21:47:26 UTC 2026
// 重构日志: cfc7553a
// 重构日志: 9e1364b1
// 重构日志: 1a2befc1
// 重构日志: 75f28f81
// 同步 ID: aa907234 @ Sun Aug  2 12:27:15 UTC 2026
// 同步 ID: 31f24f96 @ Mon Aug  3 05:40:39 UTC 2026
// 同步 ID: e7132053 @ Mon Aug  3 12:49:18 UTC 2026
// 同步 ID: 043c8a23 @ Tue Aug  4 18:16:41 UTC 2026
